<?xml version="1.0" encoding="UTF-8"?>
<testsuites name="jest tests" tests="24" failures="0" errors="0" time="12.127">
  <testsuite name="TableHeader" errors="0" failures="0" skipped="0" timestamp="2021-11-17T19:04:24" time="3.889" tests="1">
    <testcase classname="TableHeader Test tableBody render" name="TableHeader Test tableBody render" time="0.003">
    </testcase>
  </testsuite>
  <testsuite name="TableHeader" errors="0" failures="0" skipped="0" timestamp="2021-11-17T19:04:24" time="4.461" tests="12">
    <testcase classname="TableHeader Test setCurrentPage方法" name="TableHeader Test setCurrentPage方法" time="0.132">
    </testcase>
    <testcase classname="TableHeader Test handleSetPage方法: currentPage.value &lt;= FIRSTPAGE" name="TableHeader Test handleSetPage方法: currentPage.value &lt;= FIRSTPAGE" time="0.075">
    </testcase>
    <testcase classname="TableHeader Test handleSetPage方法: currentPage.value &gt;= LASTPAGE" name="TableHeader Test handleSetPage方法: currentPage.value &gt;= LASTPAGE" time="0.017">
    </testcase>
    <testcase classname="TableHeader Test handleSetPage方法: currentPage.value &lt;= LASTPAGE || currentPage.value &gt;= FIRSTPAGE" name="TableHeader Test handleSetPage方法: currentPage.value &lt;= LASTPAGE || currentPage.value &gt;= FIRSTPAGE" time="0.008">
    </testcase>
    <testcase classname="TableHeader Test handleSetPage方法: currentPage.value &lt;= LASTPAGE || currentPage.value &gt;= FIRSTPAGE" name="TableHeader Test handleSetPage方法: currentPage.value &lt;= LASTPAGE || currentPage.value &gt;= FIRSTPAGE" time="0.011">
    </testcase>
    <testcase classname="TableHeader Test handleSetPage方法: currentPage.value &lt;= LASTPAGE || currentPage.value &gt;= FIRSTPAGE" name="TableHeader Test handleSetPage方法: currentPage.value &lt;= LASTPAGE || currentPage.value &gt;= FIRSTPAGE" time="0.005">
    </testcase>
    <testcase classname="TableHeader Test handleSetPage方法: currentPage.value &lt;= LASTPAGE || currentPage.value &gt;= FIRSTPAGE" name="TableHeader Test handleSetPage方法: currentPage.value &lt;= LASTPAGE || currentPage.value &gt;= FIRSTPAGE" time="0.012">
    </testcase>
    <testcase classname="TableHeader Test changeOriginList" name="TableHeader Test changeOriginList" time="0.007">
    </testcase>
    <testcase classname="TableHeader Test trigger firstPage click " name="TableHeader Test trigger firstPage click " time="0.022">
    </testcase>
    <testcase classname="TableHeader Test trigger prePage click " name="TableHeader Test trigger prePage click " time="0.008">
    </testcase>
    <testcase classname="TableHeader Test trigger nextPage click " name="TableHeader Test trigger nextPage click " time="0.007">
    </testcase>
    <testcase classname="TableHeader Test trigger lastPage click " name="TableHeader Test trigger lastPage click " time="0.074">
    </testcase>
  </testsuite>
  <testsuite name="TableHeader" errors="0" failures="0" skipped="0" timestamp="2021-11-17T19:04:28" time="1.32" tests="6">
    <testcase classname="TableHeader Test tableHeader render" name="TableHeader Test tableHeader render" time="0.013">
    </testcase>
    <testcase classname="TableHeader Test tableHeader click asce age" name="TableHeader Test tableHeader click asce age" time="0.064">
    </testcase>
    <testcase classname="TableHeader Test tableHeader click desc age" name="TableHeader Test tableHeader click desc age" time="0.005">
    </testcase>
    <testcase classname="TableHeader Test tableHeader click emptyOrder age" name="TableHeader Test tableHeader click emptyOrder age" time="0.011">
    </testcase>
    <testcase classname="TableHeader Test trigger asce click " name="TableHeader Test trigger asce click " time="0.049">
    </testcase>
    <testcase classname="TableHeader Test trigger desc click " name="TableHeader Test trigger desc click " time="0.014">
    </testcase>
  </testsuite>
  <testsuite name="Table" errors="0" failures="0" skipped="0" timestamp="2021-11-17T19:04:24" time="5.346" tests="5">
    <testcase classname="Table Test Table render" name="Table Test Table render" time="0.006">
    </testcase>
    <testcase classname="Table Test setSortSourceData方法" name="Table Test setSortSourceData方法" time="0.226">
    </testcase>
    <testcase classname="Table Test changeOriginList方法" name="Table Test changeOriginList方法" time="0.031">
    </testcase>
    <testcase classname="Table Test sortActiveOrder value 变成 asce" name="Table Test sortActiveOrder value 变成 asce" time="0.038">
    </testcase>
    <testcase classname="Table Test sortActiveOrder value 变成 空" name="Table Test sortActiveOrder value 变成 空" time="0.03">
    </testcase>
  </testsuite>
</testsuites>